[www.impactwid.com/index.html]
[backblue.gif]
[fade.gif]
[index.html]
[www.impactwid.com/impactcecb]
[www.impactwid.com/register.html]
[www.impactwid.com/kristine.html]
[www.impactwid.com/debra.html]
[www.impactwid.com/application/index.html]
[www.impactwid.com/andrea.html]
[www.impactwid.com/davina.html]
[www.impactwid.com/erin.html]
[www.impactwid.com/registration/doctors.html]
[www.impactwid.com/registration/team.html]
[www.impactwid.com/questionnaire.9.delayed]
[www.impactwid.com/sponsor.html]
[www.impactwid.com/index.html]
[www.impactwid.com/application/index.html]
[www.impactwid.com/register.html]
[www.impactwid.com/kristine.html]
[www.impactwid.com/debra.html]
[www.impactwid.com/cart.html]
[www.impactwid.com/andrea.html]
[www.impactwid.com/register/index.html]
[www.impactwid.com/kristine/index.html]
[www.impactwid.com/debra/index.html]
[www.impactwid.com/davina.html]
[www.impactwid.com/erin.html]
[www.impactwid.com/registration/doctors.html]
[www.impactwid.com/registration/index.html]
[www.impactwid.com/registration/team.html]
[www.impactwid.com/questionnaire.html]
[www.impactwid.com/andrea/index.html]
[www.impactwid.com/davina/index.html]
[www.impactwid.com/erin/index.html]
[www.impactwid.com/impact-2017/sponsor.html]
[www.impactwid.com/impact-2016/sponsor.d.delayed]
[www.impactwid.com/sponsor.html]
[www.impactwid.com/cart.html]
[www.impactwid.com/register/index.html]
[www.impactwid.com/kristine/index.html]
[www.impactwid.com/debra/index.html]
[www.impactwid.com/andrea/index.html]
[www.impactwid.com/davina/index.html]
[www.impactwid.com/erin/index.html]
[www.impactwid.com/registration/index.html]
[www.impactwid.com/sponsor/index.html]
[www.impactwid.com/sponsor/index.html]
[www.impactwid.com/impact-2017/sponsor.html]
[www.impactwid.com/impact-2016/sponsor.html]
[www.impactwid.com/impact-2017/index.html]
[www.impactwid.com/impact-2017/index.html]
